=== Grading run started: 2026-08-09T08:00:01-07:00 ===
/usr/bin/python3: No module named scripts.grade_picks-2
=== Grading run started: 2026-08-11T15:05:01-07:00 ===
Traceback (most recent call last):
  File "/usr/lib/python3.10/runpy.py", line 196, in _run_module_as_main
    return _run_code(code, main_globals, None,
  File "/usr/lib/python3.10/runpy.py", line 86, in _run_code
    exec(code, run_globals)
  File "/home/david/hitters/scripts/grade_picks.py", line 6, in <module>
    import pandas as pd
ModuleNotFoundError: No module named 'pandas'
=== Grading run started: 2026-08-11T15:05:45-07:00 ===
Traceback (most recent call last):
  File "/usr/lib/python3.10/runpy.py", line 196, in _run_module_as_main
    return _run_code(code, main_globals, None,
  File "/usr/lib/python3.10/runpy.py", line 86, in _run_code
    exec(code, run_globals)
  File "/home/david/hitters/scripts/grade_picks.py", line 6, in <module>
    import pandas as pd
ModuleNotFoundError: No module named 'pandas'
=== Grading run started: 2026-08-11T15:06:04-07:00 ===
Traceback (most recent call last):
  File "/usr/lib/python3.10/runpy.py", line 196, in _run_module_as_main
    return _run_code(code, main_globals, None,
  File "/usr/lib/python3.10/runpy.py", line 86, in _run_code
    exec(code, run_globals)
  File "/home/david/hitters/scripts/grade_picks.py", line 296, in <module>
    main()
  File "/home/david/hitters/scripts/grade_picks.py", line 273, in main
    raise FileNotFoundError(f"Input file not found: {in_file}")
FileNotFoundError: Input file not found: output/hit_candidates_2026-08-10.csv
