=== Lineups run started: 2026-08-08T23:00:01-07:00 ===
Traceback (most recent call last):
  File "/usr/lib/python3.10/runpy.py", line 187, in _run_module_as_main
    mod_name, mod_spec, code = _get_module_details(mod_name, _Error)
  File "/usr/lib/python3.10/runpy.py", line 157, in _get_module_details
    code = loader.get_code(mod_name)
  File "<frozen importlib._bootstrap_external>", line 1017, in get_code
  File "<frozen importlib._bootstrap_external>", line 947, in source_to_code
  File "<frozen importlib._bootstrap>", line 241, in _call_with_frames_removed
  File "/home/david/Desktop/screen/hitters/scripts/mlb_hit_finder.py", line 850
    """
    ^
IndentationError: expected an indented block after function definition on line 849
=== Lineups run started: 2026-08-09T23:00:01-07:00 ===
23:04:15 | WARNING | Failed bullpen scrape for arizona diamondbacks: 404 Client Error: Not Found for url: https://insidethepen.com/team/ARI-bullpen.html
23:05:02 | WARNING | One or both hit model bundles not found. Run train_hit_model.py first to generate had_hit_1 and had_hit_2 models.

0-hit previous game side list
          batter                                    matchup  order batter_hand       opp_pitcher opp_pitcher_hand  prev_game_hits  hit_score  game_rank
     Leo Jiménez         Los Angeles Angels @ Miami Marlins      1           R Grayson Rodriguez                R               0   0.565364          1
  Xavier Edwards         Los Angeles Angels @ Miami Marlins      2           R Grayson Rodriguez                R               0   0.546129          2
   Shohei Ohtani Los Angeles Dodgers @ Arizona Diamondbacks      1           R Eduardo Rodriguez                L               0   0.523874          1
Jake Cronenworth          Houston Astros @ San Diego Padres      2           R   Cristian Javier                R               0   0.504878          2
     Nick Loftin          Chicago Cubs @ Kansas City Royals      1           R      Matthew Boyd                L               0   0.502380          1
      A.J. Ewing         New York Mets @ Pittsburgh Pirates      1           R       Jared Jones                R               0   0.486853          2
   Andrew Vaughn        Minnesota Twins @ Milwaukee Brewers      3           R   Connor Prielipp                L               0   0.482087          3
  Bobby Witt Jr.          Chicago Cubs @ Kansas City Royals      2           R      Matthew Boyd                L               0   0.481648          2
 Elly De La Cruz     Cincinnati Reds @ Washington Nationals      1           R         Brad Lord                R               0   0.478385          3
Gunnar Henderson          Baltimore Orioles @ Texas Rangers      1           R      Kumar Rocker                R               0   0.448344          3

Athletics @ Boston Red Sox
 game_rank       batter  order batter_hand opp_pitcher opp_pitcher_hand  hit_score  pitcher_whiff_pct  high_whiff_flag  opp_team_defense_drs  elite_defense_flag  bullpen_risk_flag  pitcher_era  pitcher_whip  batter_avg
         1  Henry Bolte      1           R Erik Miller                L   0.497211                0.0                0                     1                   0                  0         2.50          1.36       0.256
         2 Jacob Wilson      2           R Erik Miller                L   0.452381                0.0                0                     1                   0                  0         2.50          1.36       0.269
         3  Nick Sogard      1           R   J.T. Ginn                R   0.445261                0.0                0                    -9                   0                  0         3.41          1.21       0.253

Atlanta Braves @ New York Yankees
 game_rank        batter  order batter_hand    opp_pitcher opp_pitcher_hand  hit_score  pitcher_whiff_pct  high_whiff_flag  opp_team_defense_drs  elite_defense_flag  bullpen_risk_flag  pitcher_era  pitcher_whip  batter_avg
         1 Trent Grisham      1           R   Grant Holmes                R   0.437998                0.0                0                    12                   1                  0         3.47          1.32       0.213
         2      Ben Rice      2           R   Grant Holmes                R   0.419510                0.0                0                    12                   1                  0         3.47          1.32       0.257
         3 Drake Baldwin      1           R Cam Schlittler                R   0.412008                0.0                0                    11                   1                  0         2.21          0.93       0.270

Baltimore Orioles @ Texas Rangers
 game_rank           batter  order batter_hand  opp_pitcher opp_pitcher_hand  hit_score  pitcher_whiff_pct  high_whiff_flag  opp_team_defense_drs  elite_defense_flag  bullpen_risk_flag  pitcher_era  pitcher_whip  batter_avg
         1   Wyatt Langford      1           R  Cade Povich                L   0.538222                0.0                0                     3                   0                  0         4.45          1.41       0.261
         2      Nicky Lopez      1           R  Cade Povich                L   0.530225                0.0                0                     3                   0                  0         4.45          1.41       0.278
         3 Gunnar Henderson      1           R Kumar Rocker                R   0.448344                0.0                0                    15                   1                  0         4.46          1.38       0.213

Chicago Cubs @ Kansas City Royals
 game_rank              batter  order batter_hand  opp_pitcher opp_pitcher_hand  hit_score  pitcher_whiff_pct  high_whiff_flag  opp_team_defense_drs  elite_defense_flag  bullpen_risk_flag  pitcher_era  pitcher_whip  batter_avg
         1         Nick Loftin      1           R Matthew Boyd                L   0.502380                0.0                0                    18                   1                  0          3.5          1.22       0.243
         2      Bobby Witt Jr.      2           R Matthew Boyd                L   0.481648                0.0                0                    18                   1                  0          3.5          1.22       0.284
         3 Pete Crow-Armstrong      1           R Randy Dobnak                R   0.470900                0.0                0                    -3                   0                  0          2.0          1.33       0.286

Cincinnati Reds @ Washington Nationals
 game_rank          batter  order batter_hand  opp_pitcher opp_pitcher_hand  hit_score  pitcher_whiff_pct  high_whiff_flag  opp_team_defense_drs  elite_defense_flag  bullpen_risk_flag  pitcher_era  pitcher_whip  batter_avg
         1       CJ Abrams      1           R Brady Singer                R   0.524815                0.0                0                    -2                   0                  0         4.66          1.43       0.287
         2 Andrés Chaparro      2           R Brady Singer                R   0.505347                0.0                0                    -2                   0                  0         4.66          1.43       0.235
         3 Elly De La Cruz      1           R    Brad Lord                R   0.478385                0.0                0                    -6                   0                  0         3.79          1.18       0.271

Cleveland Guardians @ Chicago White Sox
 game_rank            batter  order batter_hand   opp_pitcher opp_pitcher_hand  hit_score  pitcher_whiff_pct  high_whiff_flag  opp_team_defense_drs  elite_defense_flag  bullpen_risk_flag  pitcher_era  pitcher_whip  batter_avg
         1     Brenton Doyle      1           R Joey Cantillo                L   0.523005                0.0                0                     7                   0                  0         3.91          1.48       0.221
         2       Steven Kwan      1           R  Davis Martin                R   0.514762                0.0                0                    -6                   0                  0         4.17          1.33       0.265
         3 Munetaka Murakami      2           R Joey Cantillo                L   0.481909                0.0                0                     7                   0                  0         3.91          1.48       0.237

Colorado Rockies @ St. Louis Cardinals
 game_rank        batter  order batter_hand      opp_pitcher opp_pitcher_hand  hit_score  pitcher_whiff_pct  high_whiff_flag  opp_team_defense_drs  elite_defense_flag  bullpen_risk_flag  pitcher_era  pitcher_whip  batter_avg
         1 JJ Wetherholt      1           R Michael Lorenzen                R   0.593383                0.0                0                   -11                   0                  0         6.83          1.88       0.249
         2  Iván Herrera      2           R Michael Lorenzen                R   0.548914                0.0                0                   -11                   0                  0         6.83          1.88       0.250
         3 Alec Burleson      3           R Michael Lorenzen                R   0.530166                0.0                0                   -11                   0                  0         6.83          1.88       0.283

Detroit Tigers @ San Francisco Giants
 game_rank          batter  order batter_hand opp_pitcher opp_pitcher_hand  hit_score  pitcher_whiff_pct  high_whiff_flag  opp_team_defense_drs  elite_defense_flag  bullpen_risk_flag  pitcher_era  pitcher_whip  batter_avg
         1 Kevin McGonigle      1           R  Logan Webb                R   0.443127                0.0                0                    10                   1                  0         3.59          1.08       0.286
         2  Bryce Eldridge      1           R Troy Melton                R   0.402982                0.0                0                     6                   0                  0         1.46          0.90       0.248
         3  Gleyber Torres      2           R  Logan Webb                R   0.386130                0.0                0                    10                   1                  0         3.59          1.08       0.257

Houston Astros @ San Diego Padres
 game_rank             batter  order batter_hand     opp_pitcher opp_pitcher_hand  hit_score  pitcher_whiff_pct  high_whiff_flag  opp_team_defense_drs  elite_defense_flag  bullpen_risk_flag  pitcher_era  pitcher_whip  batter_avg
         1 Fernando Tatis Jr.      1           R Cristian Javier                R   0.580255                0.0                0                     4                   0                  0         6.68           1.7       0.283
         2   Jake Cronenworth      2           R Cristian Javier                R   0.504878                0.0                0                     4                   0                  0         6.68           1.7       0.216
         3      Manny Machado      3           R Cristian Javier                R   0.463254                0.0                0                     4                   0                  0         6.68           1.7       0.212

Los Angeles Angels @ Miami Marlins
 game_rank         batter  order batter_hand       opp_pitcher opp_pitcher_hand  hit_score  pitcher_whiff_pct  high_whiff_flag  opp_team_defense_drs  elite_defense_flag  bullpen_risk_flag  pitcher_era  pitcher_whip  batter_avg
         1    Leo Jiménez      1           R Grayson Rodriguez                R   0.565364                0.0                0                    -8                   0                  0          7.2          1.62       0.215
         2 Xavier Edwards      2           R Grayson Rodriguez                R   0.546129                0.0                0                    -8                   0                  0          7.2          1.62       0.284
         3   Kyle Stowers      1           R Grayson Rodriguez                R   0.546086                0.0                0                    -8                   0                  0          7.2          1.62       0.242

Los Angeles Dodgers @ Arizona Diamondbacks
 game_rank          batter  order batter_hand       opp_pitcher opp_pitcher_hand  hit_score  pitcher_whiff_pct  high_whiff_flag  opp_team_defense_drs  elite_defense_flag  bullpen_risk_flag  pitcher_era  pitcher_whip  batter_avg
         1   Shohei Ohtani      1           R Eduardo Rodriguez                L   0.523874                0.0                0                    -4                   0                  0         2.70          1.23       0.292
         2      Andy Pages      2           R Eduardo Rodriguez                L   0.476345                0.0                0                    -4                   0                  0         2.70          1.23       0.272
         3 Geraldo Perdomo      1           R  Justin Wrobleski                L   0.474561                0.0                0                    14                   1                  0         3.44          1.11       0.245

Minnesota Twins @ Milwaukee Brewers
 game_rank          batter  order batter_hand     opp_pitcher opp_pitcher_hand  hit_score  pitcher_whiff_pct  high_whiff_flag  opp_team_defense_drs  elite_defense_flag  bullpen_risk_flag  pitcher_era  pitcher_whip  batter_avg
         1 Jackson Chourio      1           R Connor Prielipp                L   0.567212                0.0                0                    -1                   0                  0         4.79          1.32       0.275
         2    Brice Turang      2           R Connor Prielipp                L   0.483048                0.0                0                    -1                   0                  0         4.79          1.32       0.272
         3   Andrew Vaughn      3           R Connor Prielipp                L   0.482087                0.0                0                    -1                   0                  0         4.79          1.32       0.300

New York Mets @ Pittsburgh Pirates
 game_rank         batter  order batter_hand opp_pitcher opp_pitcher_hand  hit_score  pitcher_whiff_pct  high_whiff_flag  opp_team_defense_drs  elite_defense_flag  bullpen_risk_flag  pitcher_era  pitcher_whip  batter_avg
         1    Jake Mangum      1           R Sean Manaea                L   0.558167                0.0                0                     2                   0                  0         4.13          1.32       0.303
         2     A.J. Ewing      1           R Jared Jones                R   0.486853                0.0                0                     5                   0                  0         5.03          1.20       0.262
         3 Bryan Reynolds      3           R Sean Manaea                L   0.451681                0.0                0                     2                   0                  0         4.13          1.32       0.268

Tampa Bay Rays @ Seattle Mariners
 game_rank      batter  order batter_hand     opp_pitcher opp_pitcher_hand  hit_score  pitcher_whiff_pct  high_whiff_flag  opp_team_defense_drs  elite_defense_flag  bullpen_risk_flag  pitcher_era  pitcher_whip  batter_avg
         1 Taylor Ward      1           R     Ian Seymour                L   0.527656                0.0                0                     6                   0                  0         4.08          1.13       0.242
         2  Cole Young      2           R     Ian Seymour                L   0.458961                0.0                0                     6                   0                  0         4.08          1.13       0.265
         3  Yandy Díaz      1           R Emerson Hancock                R   0.450390                0.0                0                    13                   1                  0         3.35          1.12       0.298

Toronto Blue Jays @ Philadelphia Phillies
 game_rank                batter  order batter_hand   opp_pitcher opp_pitcher_hand  hit_score  pitcher_whiff_pct  high_whiff_flag  opp_team_defense_drs  elite_defense_flag  bullpen_risk_flag  pitcher_era  pitcher_whip  batter_avg
         1         Brett Bateman      1           R Jesús Luzardo                L   0.518065                0.0                0                    -7                   0                  0         3.32          1.14       0.214
         2        Kyle Schwarber      1           R  Shane Bieber                R   0.509972                0.0                0                     7                   0                  0         5.48          1.66       0.247
         3 Vladimir Guerrero Jr.      2           R Jesús Luzardo                L   0.499174                0.0                0                    -7                   0                  0         3.32          1.14       0.261
=== Lineups run finished: 2026-08-09T23:05:03-07:00 ===
=== Lineups run started: 2026-08-11T15:20:45-07:00 ===
15:23:52 | WARNING | Failed bullpen scrape for arizona diamondbacks: 404 Client Error: Not Found for url: https://insidethepen.com/team/ARI-bullpen.html
15:23:56 | WARNING | Today's file missing some model features for prob_hit_1: ['hit_count_x', 'single_count_x', 'double_count_x', 'triple_count_x', 'home_run_count_x', 'xbh_count_x', 'at_bats_x', 'plate_appearances_x', 'runs_scored_x', 'rbi_x', 'walks_x', 'strikeouts_x', 'source_file', 'pred_hit_probability', 'model_available_flag', 'model_rank', 'hit_count_y', 'single_count_y', 'double_count_y', 'triple_count_y', 'home_run_count_y', 'xbh_count_y', 'at_bats_y', 'plate_appearances_y', 'runs_scored_y', 'rbi_y', 'walks_y', 'strikeouts_y', 'prob_hit_1', 'prob_hit_2']. Scoring may be degraded.
Traceback (most recent call last):
  File "/usr/lib/python3.10/runpy.py", line 196, in _run_module_as_main
    return _run_code(code, main_globals, None,
  File "/usr/lib/python3.10/runpy.py", line 86, in _run_code
    exec(code, run_globals)
  File "/home/david/hitters/scripts/mlb_hit_finder.py", line 1088, in <module>
    main()
  File "/home/david/hitters/scripts/mlb_hit_finder.py", line 1006, in main
    df = score_with_hit_models(df, model_1, model_2, model_3)
  File "/home/david/hitters/scripts/mlb_hit_finder.py", line 929, in score_with_hit_models
    _score(model_1, "prob_hit_1")
  File "/home/david/hitters/scripts/mlb_hit_finder.py", line 925, in _score
    X = df[feature_cols].copy()
  File "/home/david/.local/lib/python3.10/site-packages/pandas/core/frame.py", line 4119, in __getitem__
    indexer = self.columns._get_indexer_strict(key, "columns")[1]
  File "/home/david/.local/lib/python3.10/site-packages/pandas/core/indexes/base.py", line 6212, in _get_indexer_strict
    self._raise_if_missing(keyarr, indexer, axis_name)
  File "/home/david/.local/lib/python3.10/site-packages/pandas/core/indexes/base.py", line 6264, in _raise_if_missing
    raise KeyError(f"{not_found} not in index")
KeyError: "['hit_count_x', 'single_count_x', 'double_count_x', 'triple_count_x', 'home_run_count_x', 'xbh_count_x', 'at_bats_x', 'plate_appearances_x', 'runs_scored_x', 'rbi_x', 'walks_x', 'strikeouts_x', 'source_file', 'pred_hit_probability', 'model_available_flag', 'model_rank', 'hit_count_y', 'single_count_y', 'double_count_y', 'triple_count_y', 'home_run_count_y', 'xbh_count_y', 'at_bats_y', 'plate_appearances_y', 'runs_scored_y', 'rbi_y', 'walks_y', 'strikeouts_y', 'prob_hit_1', 'prob_hit_2'] not in index"
=== Lineups run started: 2026-08-11T15:26:27-07:00 ===
15:29:05 | WARNING | Failed bullpen scrape for arizona diamondbacks: 404 Client Error: Not Found for url: https://insidethepen.com/team/ARI-bullpen.html
15:29:39 | WARNING | Today's file missing some model features for prob_hit_1: ['hit_count_x', 'single_count_x', 'double_count_x', 'triple_count_x', 'home_run_count_x', 'xbh_count_x', 'at_bats_x', 'plate_appearances_x', 'runs_scored_x', 'rbi_x', 'walks_x', 'strikeouts_x', 'source_file', 'pred_hit_probability', 'model_available_flag', 'model_rank', 'hit_count_y', 'single_count_y', 'double_count_y', 'triple_count_y', 'home_run_count_y', 'xbh_count_y', 'at_bats_y', 'plate_appearances_y', 'runs_scored_y', 'rbi_y', 'walks_y', 'strikeouts_y', 'prob_hit_1', 'prob_hit_2']. Scoring may be degraded.
Traceback (most recent call last):
  File "/usr/lib/python3.10/runpy.py", line 196, in _run_module_as_main
    return _run_code(code, main_globals, None,
  File "/usr/lib/python3.10/runpy.py", line 86, in _run_code
    exec(code, run_globals)
  File "/home/david/hitters/scripts/mlb_hit_finder.py", line 1088, in <module>
    main()
  File "/home/david/hitters/scripts/mlb_hit_finder.py", line 1006, in main
    df = score_with_hit_models(df, model_1, model_2, model_3)
  File "/home/david/hitters/scripts/mlb_hit_finder.py", line 929, in score_with_hit_models
    _score(model_1, "prob_hit_1")
  File "/home/david/hitters/scripts/mlb_hit_finder.py", line 925, in _score
    X = df[feature_cols].copy()
  File "/home/david/.local/lib/python3.10/site-packages/pandas/core/frame.py", line 4119, in __getitem__
    indexer = self.columns._get_indexer_strict(key, "columns")[1]
  File "/home/david/.local/lib/python3.10/site-packages/pandas/core/indexes/base.py", line 6212, in _get_indexer_strict
    self._raise_if_missing(keyarr, indexer, axis_name)
  File "/home/david/.local/lib/python3.10/site-packages/pandas/core/indexes/base.py", line 6264, in _raise_if_missing
    raise KeyError(f"{not_found} not in index")
KeyError: "['hit_count_x', 'single_count_x', 'double_count_x', 'triple_count_x', 'home_run_count_x', 'xbh_count_x', 'at_bats_x', 'plate_appearances_x', 'runs_scored_x', 'rbi_x', 'walks_x', 'strikeouts_x', 'source_file', 'pred_hit_probability', 'model_available_flag', 'model_rank', 'hit_count_y', 'single_count_y', 'double_count_y', 'triple_count_y', 'home_run_count_y', 'xbh_count_y', 'at_bats_y', 'plate_appearances_y', 'runs_scored_y', 'rbi_y', 'walks_y', 'strikeouts_y', 'prob_hit_1', 'prob_hit_2'] not in index"
=== Lineups run started: 2026-08-11T16:55:33-07:00 ===
16:59:21 | WARNING | Failed bullpen scrape for arizona diamondbacks: 404 Client Error: Not Found for url: https://insidethepen.com/team/ARI-bullpen.html
17:00:37 | WARNING | Today's file missing some model features for prob_hit_1: ['hit_count_x', 'single_count_x', 'double_count_x', 'triple_count_x', 'home_run_count_x', 'xbh_count_x', 'at_bats_x', 'plate_appearances_x', 'runs_scored_x', 'rbi_x', 'walks_x', 'strikeouts_x', 'source_file', 'pred_hit_probability', 'model_available_flag', 'model_rank', 'hit_count_y', 'single_count_y', 'double_count_y', 'triple_count_y', 'home_run_count_y', 'xbh_count_y', 'at_bats_y', 'plate_appearances_y', 'runs_scored_y', 'rbi_y', 'walks_y', 'strikeouts_y', 'prob_hit_1', 'prob_hit_2']. Scoring may be degraded.
Traceback (most recent call last):
  File "/usr/lib/python3.10/runpy.py", line 196, in _run_module_as_main
    return _run_code(code, main_globals, None,
  File "/usr/lib/python3.10/runpy.py", line 86, in _run_code
    exec(code, run_globals)
  File "/home/david/hitters/scripts/mlb_hit_finder.py", line 1088, in <module>
    main()
  File "/home/david/hitters/scripts/mlb_hit_finder.py", line 1006, in main
    df = score_with_hit_models(df, model_1, model_2, model_3)
  File "/home/david/hitters/scripts/mlb_hit_finder.py", line 929, in score_with_hit_models
    _score(model_1, "prob_hit_1")
  File "/home/david/hitters/scripts/mlb_hit_finder.py", line 925, in _score
    X = df[feature_cols].copy()
  File "/home/david/.local/lib/python3.10/site-packages/pandas/core/frame.py", line 4119, in __getitem__
    indexer = self.columns._get_indexer_strict(key, "columns")[1]
  File "/home/david/.local/lib/python3.10/site-packages/pandas/core/indexes/base.py", line 6212, in _get_indexer_strict
    self._raise_if_missing(keyarr, indexer, axis_name)
  File "/home/david/.local/lib/python3.10/site-packages/pandas/core/indexes/base.py", line 6264, in _raise_if_missing
    raise KeyError(f"{not_found} not in index")
KeyError: "['hit_count_x', 'single_count_x', 'double_count_x', 'triple_count_x', 'home_run_count_x', 'xbh_count_x', 'at_bats_x', 'plate_appearances_x', 'runs_scored_x', 'rbi_x', 'walks_x', 'strikeouts_x', 'source_file', 'pred_hit_probability', 'model_available_flag', 'model_rank', 'hit_count_y', 'single_count_y', 'double_count_y', 'triple_count_y', 'home_run_count_y', 'xbh_count_y', 'at_bats_y', 'plate_appearances_y', 'runs_scored_y', 'rbi_y', 'walks_y', 'strikeouts_y', 'prob_hit_1', 'prob_hit_2'] not in index"
=== Lineups run started: 2026-08-12T02:49:44-07:00 ===
No posted lineups or no matching batters for 2026-08-12
=== Lineups run finished: 2026-08-12T02:50:47-07:00 ===
=== Lineups run started: 2026-08-12T12:54:58-07:00 ===
12:57:52 | WARNING | Today's file missing some model features for prob_hit_1: ['hit_count_x', 'single_count_x', 'double_count_x', 'triple_count_x', 'home_run_count_x', 'xbh_count_x', 'at_bats_x', 'plate_appearances_x', 'runs_scored_x', 'rbi_x', 'walks_x', 'strikeouts_x', 'source_file', 'pred_hit_probability', 'model_available_flag', 'model_rank', 'hit_count_y', 'single_count_y', 'double_count_y', 'triple_count_y', 'home_run_count_y', 'xbh_count_y', 'at_bats_y', 'plate_appearances_y', 'runs_scored_y', 'rbi_y', 'walks_y', 'strikeouts_y', 'prob_hit_1', 'prob_hit_2']. Scoring may be degraded.
Traceback (most recent call last):
  File "/usr/lib/python3.10/runpy.py", line 196, in _run_module_as_main
    return _run_code(code, main_globals, None,
  File "/usr/lib/python3.10/runpy.py", line 86, in _run_code
    exec(code, run_globals)
  File "/home/david/hitters/scripts/mlb_hit_finder.py", line 1096, in <module>
    main()
  File "/home/david/hitters/scripts/mlb_hit_finder.py", line 1014, in main
    df = score_with_hit_models(df, model_1, model_2, model_3)
  File "/home/david/hitters/scripts/mlb_hit_finder.py", line 937, in score_with_hit_models
    _score(model_1, "prob_hit_1")
  File "/home/david/hitters/scripts/mlb_hit_finder.py", line 933, in _score
    X = df[feature_cols].copy()
  File "/home/david/.local/lib/python3.10/site-packages/pandas/core/frame.py", line 4119, in __getitem__
    indexer = self.columns._get_indexer_strict(key, "columns")[1]
  File "/home/david/.local/lib/python3.10/site-packages/pandas/core/indexes/base.py", line 6212, in _get_indexer_strict
    self._raise_if_missing(keyarr, indexer, axis_name)
  File "/home/david/.local/lib/python3.10/site-packages/pandas/core/indexes/base.py", line 6264, in _raise_if_missing
    raise KeyError(f"{not_found} not in index")
KeyError: "['hit_count_x', 'single_count_x', 'double_count_x', 'triple_count_x', 'home_run_count_x', 'xbh_count_x', 'at_bats_x', 'plate_appearances_x', 'runs_scored_x', 'rbi_x', 'walks_x', 'strikeouts_x', 'source_file', 'pred_hit_probability', 'model_available_flag', 'model_rank', 'hit_count_y', 'single_count_y', 'double_count_y', 'triple_count_y', 'home_run_count_y', 'xbh_count_y', 'at_bats_y', 'plate_appearances_y', 'runs_scored_y', 'rbi_y', 'walks_y', 'strikeouts_y', 'prob_hit_1', 'prob_hit_2'] not in index"
=== Lineups run started: 2026-08-16T15:32:28-07:00 ===
/home/david/.local/lib/python3.10/site-packages/sklearn/impute/_base.py:653: UserWarning: Skipping features without any observed values: ['pitcher_xba_allowed' 'pitcher_woba_allowed' 'pitcher_vs_hand_xba'
 'pitcher_vs_hand_woba' 'temp_c' 'wind_kph' 'precip']. At least one non-missing value is needed for imputation with strategy='median'.
  warnings.warn(
/home/david/.local/lib/python3.10/site-packages/sklearn/impute/_base.py:653: UserWarning: Skipping features without any observed values: ['pitcher_xba_allowed' 'pitcher_woba_allowed' 'pitcher_vs_hand_xba'
 'pitcher_vs_hand_woba' 'temp_c' 'wind_kph' 'precip']. At least one non-missing value is needed for imputation with strategy='median'.
  warnings.warn(
/home/david/.local/lib/python3.10/site-packages/sklearn/impute/_base.py:653: UserWarning: Skipping features without any observed values: ['pitcher_xba_allowed' 'pitcher_woba_allowed' 'pitcher_vs_hand_xba'
 'pitcher_vs_hand_woba' 'temp_c' 'wind_kph' 'precip']. At least one non-missing value is needed for imputation with strategy='median'.
  warnings.warn(
Wrote /home/david/hitters/output/hit_candidates_2026-08-16.csv

0-hit previous game side list
        batter                              matchup  order batter_hand   opp_pitcher opp_pitcher_hand  prev_game_hits  hit_score  game_rank
Wyatt Langford            Texas Rangers @ Athletics      1           R   Jacob Lopez                L               0   0.642250          1
    A.J. Ewing Washington Nationals @ New York Mets      1           R    Jake Irvin                R               0   0.588926          1
 Brett Bateman New York Yankees @ Toronto Blue Jays      1           R Ryan Weathers                L               0   0.542511          1

Arizona Diamondbacks @ Atlanta Braves
 game_rank        batter  order batter_hand    opp_pitcher opp_pitcher_hand  hit_score  pitcher_whiff_pct  high_whiff_flag  opp_team_defense_drs  elite_defense_flag  bullpen_risk_flag  pitcher_era  pitcher_whip  batter_avg  batter_bb_rate batter_home_away_avg  batting_home_flag  current_hit_streak  streak_rank_today  hottest_today_flag  prob_hit_1  prob_hit_2  prob_run_1
         1 Drake Baldwin      1           R Michael Soroka                R    0.54737                0.0                0                    -4                   0                  0         2.93          1.11       0.274        0.102679                 .283                  1                   4                 18                   1    0.927275    0.360193    0.948003

Baltimore Orioles @ Tampa Bay Rays
 game_rank     batter  order batter_hand   opp_pitcher opp_pitcher_hand  hit_score  pitcher_whiff_pct  high_whiff_flag  opp_team_defense_drs  elite_defense_flag  bullpen_risk_flag  pitcher_era  pitcher_whip  batter_avg  batter_bb_rate batter_home_away_avg  batting_home_flag  current_hit_streak  streak_rank_today  hottest_today_flag  prob_hit_1  prob_hit_2  prob_run_1
         1 Yandy Díaz      1           R Trevor Rogers                L   0.698937                0.0                0                     3                   0                  0         4.15          1.25       0.302         0.08381                 .344                  1                   7                  4                   1    0.965332     0.84357    0.990157

Boston Red Sox @ Pittsburgh Pirates
 game_rank          batter  order batter_hand      opp_pitcher opp_pitcher_hand  hit_score  pitcher_whiff_pct  high_whiff_flag  opp_team_defense_drs  elite_defense_flag  bullpen_risk_flag  pitcher_era  pitcher_whip  batter_avg  batter_bb_rate batter_home_away_avg  batting_home_flag  current_hit_streak  streak_rank_today  hottest_today_flag  prob_hit_1  prob_hit_2  prob_run_1
         1 Esmerlyn Valdez      2           R Patrick Sandoval                L   0.671952                0.0                0                     1                   0                  0         4.76          1.85       0.262        0.153846                 .282                  1                   6                  7                   1    0.991541    0.829958    0.998159

Chicago White Sox @ Detroit Tigers
 game_rank         batter  order batter_hand opp_pitcher opp_pitcher_hand  hit_score  pitcher_whiff_pct  high_whiff_flag  opp_team_defense_drs  elite_defense_flag  bullpen_risk_flag  pitcher_era  pitcher_whip  batter_avg  batter_bb_rate batter_home_away_avg  batting_home_flag  current_hit_streak  streak_rank_today  hottest_today_flag  prob_hit_1  prob_hit_2  prob_run_1
         1 Gleyber Torres      1           R  Sean Burke                R   0.557004                0.0                0                    -6                   0                  0         3.15          1.11       0.271         0.14094                 .295                  1                   3                 31                   1    0.976771    0.759254    0.987232

Colorado Rockies @ San Francisco Giants
 game_rank       batter  order batter_hand    opp_pitcher opp_pitcher_hand  hit_score  pitcher_whiff_pct  high_whiff_flag  opp_team_defense_drs  elite_defense_flag  bullpen_risk_flag  pitcher_era  pitcher_whip  batter_avg  batter_bb_rate batter_home_away_avg  batting_home_flag  current_hit_streak  streak_rank_today  hottest_today_flag  prob_hit_1  prob_hit_2  prob_run_1
         1 Drew Gilbert      1           R Gabriel Hughes                R   0.610572                0.0                0                   -11                   0                  0         6.69          1.38       0.243        0.094276                 .237                  1                   2                 59                   0    0.711424    0.136905     0.70161

Kansas City Royals @ Los Angeles Angels
 game_rank        batter  order batter_hand  opp_pitcher opp_pitcher_hand  hit_score  pitcher_whiff_pct  high_whiff_flag  opp_team_defense_drs  elite_defense_flag  bullpen_risk_flag  pitcher_era  pitcher_whip  batter_avg  batter_bb_rate batter_home_away_avg  batting_home_flag  current_hit_streak  streak_rank_today  hottest_today_flag  prob_hit_1  prob_hit_2  prob_run_1
         1 Carter Jensen      1           R Ryan Johnson                R   0.628303                0.0                0                    -8                   0                  0         6.41          1.54       0.219        0.100218                 .200                  0                   1                 97                   0    0.979687    0.337034    0.540697

Miami Marlins @ Cincinnati Reds
 game_rank     batter  order batter_hand opp_pitcher opp_pitcher_hand  hit_score  pitcher_whiff_pct  high_whiff_flag  opp_team_defense_drs  elite_defense_flag  bullpen_risk_flag  pitcher_era  pitcher_whip  batter_avg  batter_bb_rate batter_home_away_avg  batting_home_flag  current_hit_streak  streak_rank_today  hottest_today_flag  prob_hit_1  prob_hit_2  prob_run_1
         1 Otto Lopez      1           R Nick Lodolo                L   0.677191                0.0                0                    -2                   0                  0         4.52          1.42       0.308        0.047619                 .303                  0                   1                 97                   0    0.967717    0.369113    0.974087

Milwaukee Brewers @ Los Angeles Dodgers
 game_rank            batter  order batter_hand  opp_pitcher opp_pitcher_hand  hit_score  pitcher_whiff_pct  high_whiff_flag  opp_team_defense_drs  elite_defense_flag  bullpen_risk_flag  pitcher_era  pitcher_whip  batter_avg  batter_bb_rate batter_home_away_avg  batting_home_flag  current_hit_streak  streak_rank_today  hottest_today_flag  prob_hit_1  prob_hit_2  prob_run_1
         1 William Contreras      1           R Tarik Skubal                L   0.516564                0.0                0                    14                   1                  0         2.85          0.96       0.258        0.092555                 .260                  0                   2                 59                   0    0.797674    0.200626    0.262288

New York Yankees @ Toronto Blue Jays
 game_rank        batter  order batter_hand   opp_pitcher opp_pitcher_hand  hit_score  pitcher_whiff_pct  high_whiff_flag  opp_team_defense_drs  elite_defense_flag  bullpen_risk_flag  pitcher_era  pitcher_whip  batter_avg  batter_bb_rate batter_home_away_avg  batting_home_flag  current_hit_streak  streak_rank_today  hottest_today_flag  prob_hit_1  prob_hit_2  prob_run_1
         1 Brett Bateman      1           R Ryan Weathers                L   0.542511                0.0                0                    11                   1                  0         3.56          1.19       0.275        0.069767                 .308                  1                   0                178                   0    0.028627     0.01726    0.074165

Philadelphia Phillies @ Minnesota Twins
 game_rank         batter  order batter_hand    opp_pitcher opp_pitcher_hand  hit_score  pitcher_whiff_pct  high_whiff_flag  opp_team_defense_drs  elite_defense_flag  bullpen_risk_flag  pitcher_era  pitcher_whip  batter_avg  batter_bb_rate batter_home_away_avg  batting_home_flag  current_hit_streak  streak_rank_today  hottest_today_flag  prob_hit_1  prob_hit_2  prob_run_1
         1 Trevor Larnach      1           R Andrew Painter                R   0.671067                0.0                0                    -7                   0                  0         6.43          1.55       0.273        0.110512                 .259                  1                   3                 31                   1    0.944102    0.299177     0.90715

San Diego Padres @ Cleveland Guardians
 game_rank             batter  order batter_hand  opp_pitcher opp_pitcher_hand  hit_score  pitcher_whiff_pct  high_whiff_flag  opp_team_defense_drs  elite_defense_flag  bullpen_risk_flag  pitcher_era  pitcher_whip  batter_avg  batter_bb_rate batter_home_away_avg  batting_home_flag  current_hit_streak  streak_rank_today  hottest_today_flag  prob_hit_1  prob_hit_2  prob_run_1
         1 Fernando Tatis Jr.      1           R Tanner Bibee                R   0.535519                0.0                0                     7                   0                  0         4.01          1.15       0.279        0.098148                 .246                  0                   1                 97                   0    0.959884    0.374147    0.775278

Seattle Mariners @ Houston Astros
 game_rank      batter  order batter_hand opp_pitcher opp_pitcher_hand  hit_score  pitcher_whiff_pct  high_whiff_flag  opp_team_defense_drs  elite_defense_flag  bullpen_risk_flag  pitcher_era  pitcher_whip  batter_avg  batter_bb_rate batter_home_away_avg  batting_home_flag  current_hit_streak  streak_rank_today  hottest_today_flag  prob_hit_1  prob_hit_2  prob_run_1
         1 Jeremy Peña      1           R   Bryan Woo                R   0.539245                0.0                0                    13                   1                  0         4.15           1.1       0.288        0.063444                 .341                  1                   3                 31                   1     0.95513    0.255039    0.360401

St. Louis Cardinals @ Chicago Cubs
 game_rank              batter  order batter_hand    opp_pitcher opp_pitcher_hand  hit_score  pitcher_whiff_pct  high_whiff_flag  opp_team_defense_drs  elite_defense_flag  bullpen_risk_flag  pitcher_era  pitcher_whip  batter_avg  batter_bb_rate batter_home_away_avg  batting_home_flag  current_hit_streak  streak_rank_today  hottest_today_flag  prob_hit_1  prob_hit_2  prob_run_1
         1 Pete Crow-Armstrong      1           R Hunter Dobbins                R   0.542087                0.0                0                    -4                   0                  0         3.42           1.3       0.276        0.117117                 .298                  1                   1                 97                   0    0.978944    0.364336    0.593083

Texas Rangers @ Athletics
 game_rank         batter  order batter_hand opp_pitcher opp_pitcher_hand  hit_score  pitcher_whiff_pct  high_whiff_flag  opp_team_defense_drs  elite_defense_flag  bullpen_risk_flag  pitcher_era  pitcher_whip  batter_avg  batter_bb_rate batter_home_away_avg  batting_home_flag  current_hit_streak  streak_rank_today  hottest_today_flag  prob_hit_1  prob_hit_2  prob_run_1
         1 Wyatt Langford      1           R Jacob Lopez                L    0.64225                0.0                0                    -9                   0                  0         5.22          1.53       0.254         0.07717                 .258                  0                   0                178                   0    0.045983    0.089114    0.328489

Washington Nationals @ New York Mets
 game_rank     batter  order batter_hand opp_pitcher opp_pitcher_hand  hit_score  pitcher_whiff_pct  high_whiff_flag  opp_team_defense_drs  elite_defense_flag  bullpen_risk_flag  pitcher_era  pitcher_whip  batter_avg  batter_bb_rate batter_home_away_avg  batting_home_flag  current_hit_streak  streak_rank_today  hottest_today_flag  prob_hit_1  prob_hit_2  prob_run_1
         1 A.J. Ewing      1           R  Jake Irvin                R   0.588926                0.0                0                    -6                   0                  0          5.8          1.36       0.249        0.095376                 .256                  1                   0                178                   0    0.142063    0.179053    0.169515
=== Lineups run finished: 2026-08-16T15:36:25-07:00 ===
